Warning: `reflex_base.plugins.sitemap.SitemapPlugin` plugin is enabled by 
default, but not explicitly added to the config. If you want to use it, please 
add it to the `plugins` list in your config inside of `rxconfig.py`. To disable 
this plugin, add `SitemapPlugin` to the `disable_plugins` list.
Warning: `reflex_base.plugins.sitemap.SitemapPlugin` plugin is enabled by 
default, but not explicitly added to the config. If you want to use it, please 
add it to the `plugins` list in your config inside of `rxconfig.py`. To disable 
this plugin, add `SitemapPlugin` to the `disable_plugins` list.
───────────────────────────── Starting Reflex App ──────────────────────────────
Warning: `reflex_base.plugins.sitemap.SitemapPlugin` plugin is enabled by 
default, but not explicitly added to the config. If you want to use it, please 
add it to the `plugins` list in your config inside of `rxconfig.py`. To disable 
this plugin, add `SitemapPlugin` to the `disable_plugins` list.
DeprecationWarning: App(theme=...) has been deprecated in version 0.9.0. 
configure `rx.plugins.RadixThemesPlugin(theme=...)` in `rxconfig.py` instead. It
will be completely removed in 1.0. 
(.venv/lib/python3.12/site-packages/reflex_components_radix/plugin.py:100)
Compiling: ━━━━━━━━━━━━━━━━━━━━━━━━━━━━━━━━━━━━━━━━ 100% 14/13 0:00:00
───────────────────────────────── App Running ──────────────────────────────────
Warning: `reflex_base.plugins.sitemap.SitemapPlugin` plugin is enabled by 
default, but not explicitly added to the config. If you want to use it, please 
add it to the `plugins` list in your config inside of `rxconfig.py`. To disable 
this plugin, add `SitemapPlugin` to the `disable_plugins` list.
App running at: http://localhost:3000/
Backend running at: http://0.0.0.0:8000
[Reflex Frontend Exception]
 TypeError: Cannot read properties of null (reading 'fixture_mode_rx_state_')
TypeError: Cannot read properties of null (reading 'fixture_mode_rx_state_')
    at http://localhost:3100/app_components/concierge/app.jsx:70:62
    at Object.react_stack_bottom_frame 
(http://localhost:3100/node_modules/.vite/deps/react-dom_client.js?v=22633068:12
868:12)
    at renderWithHooks 
(http://localhost:3100/node_modules/.vite/deps/react-dom_client.js?v=22633068:42
13:19)
    at updateFunctionComponent 
(http://localhost:3100/node_modules/.vite/deps/react-dom_client.js?v=22633068:55
69:16)
    at updateSimpleMemoComponent 
(http://localhost:3100/node_modules/.vite/deps/react-dom_client.js?v=22633068:54
32:11)
    at updateMemoComponent 
(http://localhost:3100/node_modules/.vite/deps/react-dom_client.js?v=22633068:54
07:294)
    at beginWork 
(http://localhost:3100/node_modules/.vite/deps/react-dom_client.js?v=22633068:62
10:21)
    at runWithFiberInDEV 
(http://localhost:3100/node_modules/.vite/deps/react-dom_client.js?v=22633068:85
1:66)
    at performUnitOfWork 
(http://localhost:3100/node_modules/.vite/deps/react-dom_client.js?v=22633068:84
29:92)
    at workLoopSync 
(http://localhost:3100/node_modules/.vite/deps/react-dom_client.js?v=22633068:83
25:37)

[Reflex Frontend Exception]
 TypeError: Cannot read properties of null (reading 'fixture_mode_rx_state_')
TypeError: Cannot read properties of null (reading 'fixture_mode_rx_state_')
    at http://localhost:3100/app_components/concierge/app.jsx:70:62
    at Object.react_stack_bottom_frame 
(http://localhost:3100/node_modules/.vite/deps/react-dom_client.js?v=22633068:12
868:12)
    at renderWithHooks 
(http://localhost:3100/node_modules/.vite/deps/react-dom_client.js?v=22633068:42
13:19)
    at updateFunctionComponent 
(http://localhost:3100/node_modules/.vite/deps/react-dom_client.js?v=22633068:55
69:16)
    at updateSimpleMemoComponent 
(http://localhost:3100/node_modules/.vite/deps/react-dom_client.js?v=22633068:54
32:11)
    at updateMemoComponent 
(http://localhost:3100/node_modules/.vite/deps/react-dom_client.js?v=22633068:54
07:294)
    at beginWork 
(http://localhost:3100/node_modules/.vite/deps/react-dom_client.js?v=22633068:62
10:21)
    at runWithFiberInDEV 
(http://localhost:3100/node_modules/.vite/deps/react-dom_client.js?v=22633068:85
1:66)
    at performUnitOfWork 
(http://localhost:3100/node_modules/.vite/deps/react-dom_client.js?v=22633068:84
29:92)
    at workLoopSync 
(http://localhost:3100/node_modules/.vite/deps/react-dom_client.js?v=22633068:83
25:37)

[Reflex Frontend Exception]
 Error:  No module update found for route routes/[404]._index
Error:  No module update found for route routes/[404]._index
    at http://localhost:3100/@id/__x00__virtual:react-router/hmr-runtime:553:11

[Reflex Frontend Exception]
 Error:  No module update found for route routes/[404]._index
Error:  No module update found for route routes/[404]._index
    at http://localhost:3100/@id/__x00__virtual:react-router/hmr-runtime:553:11

[Reflex Frontend Exception]
 Error:  No module update found for route routes/[404]._index
Error:  No module update found for route routes/[404]._index
    at http://localhost:3100/@id/__x00__virtual:react-router/hmr-runtime:553:11

[Reflex Frontend Exception]
 Error:  No module update found for route routes/[404]._index
Error:  No module update found for route routes/[404]._index
    at http://localhost:3100/@id/__x00__virtual:react-router/hmr-runtime:553:11

[Reflex Frontend Exception]
 Error:  No module update found for route routes/[404]._index
Error:  No module update found for route routes/[404]._index
    at http://localhost:3100/@id/__x00__virtual:react-router/hmr-runtime:553:11

[Reflex Frontend Exception]
 Error:  No module update found for route routes/[404]._index
Error:  No module update found for route routes/[404]._index
    at http://localhost:3100/@id/__x00__virtual:react-router/hmr-runtime:553:11

[Reflex Frontend Exception]
 Error:  No module update found for route routes/[404]._index
Error:  No module update found for route routes/[404]._index
    at http://localhost:3100/@id/__x00__virtual:react-router/hmr-runtime:553:11

[Reflex Frontend Exception]
 Error:  No module update found for route routes/[404]._index
Error:  No module update found for route routes/[404]._index
    at http://localhost:3100/@id/__x00__virtual:react-router/hmr-runtime:553:11

[Reflex Frontend Exception]
 Error:  No module update found for route routes/[404]._index
Error:  No module update found for route routes/[404]._index
    at http://localhost:3100/@id/__x00__virtual:react-router/hmr-runtime:553:11

[Reflex Frontend Exception]
 Error:  No module update found for route routes/[404]._index
Error:  No module update found for route routes/[404]._index
    at http://localhost:3100/@id/__x00__virtual:react-router/hmr-runtime:553:11

[Reflex Frontend Exception]
 Error:  No module update found for route routes/[404]._index
Error:  No module update found for route routes/[404]._index
    at http://localhost:3100/@id/__x00__virtual:react-router/hmr-runtime:553:11

Warning: `reflex_base.plugins.sitemap.SitemapPlugin` plugin is enabled by 
default, but not explicitly added to the config. If you want to use it, please 
add it to the `plugins` list in your config inside of `rxconfig.py`. To disable 
this plugin, add `SitemapPlugin` to the `disable_plugins` list.
DeprecationWarning: App(theme=...) has been deprecated in version 0.9.0. 
configure `rx.plugins.RadixThemesPlugin(theme=...)` in `rxconfig.py` instead. It
will be completely removed in 1.0. 
(.venv/lib/python3.12/site-packages/reflex_components_radix/plugin.py:100)
Compiling: ━━━━━━━━━━━━━━━━━━━━━━━━━━━━━━━━━━━━━━━━ 100% 14/13 0:00:00
Warning: `reflex_base.plugins.sitemap.SitemapPlugin` plugin is enabled by 
default, but not explicitly added to the config. If you want to use it, please 
add it to the `plugins` list in your config inside of `rxconfig.py`. To disable 
this plugin, add `SitemapPlugin` to the `disable_plugins` list.
DeprecationWarning: App(theme=...) has been deprecated in version 0.9.0. 
configure `rx.plugins.RadixThemesPlugin(theme=...)` in `rxconfig.py` instead. It
will be completely removed in 1.0. 
(.venv/lib/python3.12/site-packages/reflex_components_radix/plugin.py:100)
Compiling: ━━━━━━━━━━━━━━━━━━━━━━━━━━━━━━━━━━━━━━━━ 100% 14/13 0:00:00
Warning: `reflex_base.plugins.sitemap.SitemapPlugin` plugin is enabled by 
default, but not explicitly added to the config. If you want to use it, please 
add it to the `plugins` list in your config inside of `rxconfig.py`. To disable 
this plugin, add `SitemapPlugin` to the `disable_plugins` list.
DeprecationWarning: App(theme=...) has been deprecated in version 0.9.0. 
configure `rx.plugins.RadixThemesPlugin(theme=...)` in `rxconfig.py` instead. It
will be completely removed in 1.0. 
(.venv/lib/python3.12/site-packages/reflex_components_radix/plugin.py:100)
Compiling: ━━━━━━━━━━━━━━━━━━━━━━━━━━━━━━━━━━━━━━━━ 100% 14/13 0:00:00
[Reflex Frontend Exception]
 Error:  No module update found for route routes/[404]._index
Error:  No module update found for route routes/[404]._index
    at http://localhost:3000/@id/__x00__virtual:react-router/hmr-runtime:553:11

Warning: `reflex_base.plugins.sitemap.SitemapPlugin` plugin is enabled by 
default, but not explicitly added to the config. If you want to use it, please 
add it to the `plugins` list in your config inside of `rxconfig.py`. To disable 
this plugin, add `SitemapPlugin` to the `disable_plugins` list.
DeprecationWarning: App(theme=...) has been deprecated in version 0.9.0. 
configure `rx.plugins.RadixThemesPlugin(theme=...)` in `rxconfig.py` instead. It
will be completely removed in 1.0. 
(.venv/lib/python3.12/site-packages/reflex_components_radix/plugin.py:100)
Compiling: ━━━━━━━━━━━━━━━━━━━━━━━━━━━━━━━━━━━━━━━━ 100% 14/13 0:00:00
[Reflex Frontend Exception]
 Error:  No module update found for route routes/[404]._index
Error:  No module update found for route routes/[404]._index
    at http://localhost:3000/@id/__x00__virtual:react-router/hmr-runtime:553:11

[Reflex Frontend Exception]
 Error:  No module update found for route routes/[404]._index
Error:  No module update found for route routes/[404]._index
    at http://localhost:3000/@id/__x00__virtual:react-router/hmr-runtime:553:11

Warning: `reflex_base.plugins.sitemap.SitemapPlugin` plugin is enabled by 
default, but not explicitly added to the config. If you want to use it, please 
add it to the `plugins` list in your config inside of `rxconfig.py`. To disable 
this plugin, add `SitemapPlugin` to the `disable_plugins` list.
DeprecationWarning: App(theme=...) has been deprecated in version 0.9.0. 
configure `rx.plugins.RadixThemesPlugin(theme=...)` in `rxconfig.py` instead. It
will be completely removed in 1.0. 
(.venv/lib/python3.12/site-packages/reflex_components_radix/plugin.py:100)
Compiling: ━━━━━━━━━━━━━━━━━━━━━━━━━━━━━━━━━━━━━━━━ 100% 14/13 0:00:00
[Reflex Frontend Exception]
 Error:  No module update found for route routes/[404]._index
Error:  No module update found for route routes/[404]._index
    at http://localhost:3000/@id/__x00__virtual:react-router/hmr-runtime:553:11

Warning: `reflex_base.plugins.sitemap.SitemapPlugin` plugin is enabled by 
default, but not explicitly added to the config. If you want to use it, please 
add it to the `plugins` list in your config inside of `rxconfig.py`. To disable 
this plugin, add `SitemapPlugin` to the `disable_plugins` list.
DeprecationWarning: App(theme=...) has been deprecated in version 0.9.0. 
configure `rx.plugins.RadixThemesPlugin(theme=...)` in `rxconfig.py` instead. It
will be completely removed in 1.0. 
(.venv/lib/python3.12/site-packages/reflex_components_radix/plugin.py:100)
Compiling: ━━━━━━━━━━━━━━━━━━━━━━━━━━━━━━━━━━━━━━━━ 100% 14/13 0:00:00
[Reflex Frontend Exception]
 Error:  No module update found for route routes/[404]._index
Error:  No module update found for route routes/[404]._index
    at http://localhost:3000/@id/__x00__virtual:react-router/hmr-runtime:553:11

Warning: `reflex_base.plugins.sitemap.SitemapPlugin` plugin is enabled by 
default, but not explicitly added to the config. If you want to use it, please 
add it to the `plugins` list in your config inside of `rxconfig.py`. To disable 
this plugin, add `SitemapPlugin` to the `disable_plugins` list.
DeprecationWarning: App(theme=...) has been deprecated in version 0.9.0. 
configure `rx.plugins.RadixThemesPlugin(theme=...)` in `rxconfig.py` instead. It
will be completely removed in 1.0. 
(.venv/lib/python3.12/site-packages/reflex_components_radix/plugin.py:100)
Compiling: ━━━━━━━━━━━━━━━━━━━━━━━━━━━━━━━━━━━━━━━━ 100% 14/13 0:00:00
[Reflex Frontend Exception]
 Error:  No module update found for route routes/[404]._index
Error:  No module update found for route routes/[404]._index
    at http://localhost:3000/@id/__x00__virtual:react-router/hmr-runtime:553:11

[WARNING] Killing worker-1 after it refused to gracefully stop
Warning: `reflex_base.plugins.sitemap.SitemapPlugin` plugin is enabled by 
default, but not explicitly added to the config. If you want to use it, please 
add it to the `plugins` list in your config inside of `rxconfig.py`. To disable 
this plugin, add `SitemapPlugin` to the `disable_plugins` list.
DeprecationWarning: App(theme=...) has been deprecated in version 0.9.0. 
configure `rx.plugins.RadixThemesPlugin(theme=...)` in `rxconfig.py` instead. It
will be completely removed in 1.0. 
(.venv/lib/python3.12/site-packages/reflex_components_radix/plugin.py:100)
Compiling: ━━━━━━━━━━━━━━━━━━━━━━━━━━━━━━━━━━━━━━━━ 100% 14/13 0:00:00
[Reflex Frontend Exception]
 Error:  No module update found for route routes/[404]._index
Error:  No module update found for route routes/[404]._index
    at http://localhost:3000/@id/__x00__virtual:react-router/hmr-runtime:553:11

Warning: `reflex_base.plugins.sitemap.SitemapPlugin` plugin is enabled by 
default, but not explicitly added to the config. If you want to use it, please 
add it to the `plugins` list in your config inside of `rxconfig.py`. To disable 
this plugin, add `SitemapPlugin` to the `disable_plugins` list.
DeprecationWarning: App(theme=...) has been deprecated in version 0.9.0. 
configure `rx.plugins.RadixThemesPlugin(theme=...)` in `rxconfig.py` instead. It
will be completely removed in 1.0. 
(.venv/lib/python3.12/site-packages/reflex_components_radix/plugin.py:100)
Compiling: ━━━━━━━━━━━━━━━━━━━━━━━━━━━━━━━━━━━━━━━━ 100% 14/13 0:00:00
[Reflex Frontend Exception]
 Error:  No module update found for route routes/[404]._index
Error:  No module update found for route routes/[404]._index
    at http://localhost:3000/@id/__x00__virtual:react-router/hmr-runtime:553:11

Warning: `reflex_base.plugins.sitemap.SitemapPlugin` plugin is enabled by 
default, but not explicitly added to the config. If you want to use it, please 
add it to the `plugins` list in your config inside of `rxconfig.py`. To disable 
this plugin, add `SitemapPlugin` to the `disable_plugins` list.
DeprecationWarning: App(theme=...) has been deprecated in version 0.9.0. 
configure `rx.plugins.RadixThemesPlugin(theme=...)` in `rxconfig.py` instead. It
will be completely removed in 1.0. 
(.venv/lib/python3.12/site-packages/reflex_components_radix/plugin.py:100)
Compiling: ━━━━━━━━━━━━━━━━━━━━━━━━━━━━━━━━━━━━━━━━ 100% 14/13 0:00:00
[Reflex Frontend Exception]
 Error:  No module update found for route routes/[404]._index
Error:  No module update found for route routes/[404]._index
    at http://localhost:3000/@id/__x00__virtual:react-router/hmr-runtime:553:11

Warning: `reflex_base.plugins.sitemap.SitemapPlugin` plugin is enabled by 
default, but not explicitly added to the config. If you want to use it, please 
add it to the `plugins` list in your config inside of `rxconfig.py`. To disable 
this plugin, add `SitemapPlugin` to the `disable_plugins` list.
DeprecationWarning: App(theme=...) has been deprecated in version 0.9.0. 
configure `rx.plugins.RadixThemesPlugin(theme=...)` in `rxconfig.py` instead. It
will be completely removed in 1.0. 
(.venv/lib/python3.12/site-packages/reflex_components_radix/plugin.py:100)
Compiling: ━━━━━━━━━━━━━━━━━━━━━━━━━━━━━━━━━━━━━━━━ 100% 14/13 0:00:00
[Reflex Frontend Exception]
 Error:  No module update found for route routes/[404]._index
Error:  No module update found for route routes/[404]._index
    at http://localhost:3000/@id/__x00__virtual:react-router/hmr-runtime:553:11

Warning: `reflex_base.plugins.sitemap.SitemapPlugin` plugin is enabled by 
default, but not explicitly added to the config. If you want to use it, please 
add it to the `plugins` list in your config inside of `rxconfig.py`. To disable 
this plugin, add `SitemapPlugin` to the `disable_plugins` list.
DeprecationWarning: App(theme=...) has been deprecated in version 0.9.0. 
configure `rx.plugins.RadixThemesPlugin(theme=...)` in `rxconfig.py` instead. It
will be completely removed in 1.0. 
(.venv/lib/python3.12/site-packages/reflex_components_radix/plugin.py:100)
Compiling: ━━━━━━━━━━━━━━━━━━━━━━━━━━━━━━━━━━━━━━━━ 100% 14/13 0:00:00
Warning: `reflex_base.plugins.sitemap.SitemapPlugin` plugin is enabled by 
default, but not explicitly added to the config. If you want to use it, please 
add it to the `plugins` list in your config inside of `rxconfig.py`. To disable 
this plugin, add `SitemapPlugin` to the `disable_plugins` list.
DeprecationWarning: App(theme=...) has been deprecated in version 0.9.0. 
configure `rx.plugins.RadixThemesPlugin(theme=...)` in `rxconfig.py` instead. It
will be completely removed in 1.0. 
(.venv/lib/python3.12/site-packages/reflex_components_radix/plugin.py:100)
Compiling: ━━━━━━━━━━━━━━━━━━━━━━━━━━━━━━━━━━━━━━━━ 100% 14/13 0:00:00
Warning: `reflex_base.plugins.sitemap.SitemapPlugin` plugin is enabled by 
default, but not explicitly added to the config. If you want to use it, please 
add it to the `plugins` list in your config inside of `rxconfig.py`. To disable 
this plugin, add `SitemapPlugin` to the `disable_plugins` list.
DeprecationWarning: App(theme=...) has been deprecated in version 0.9.0. 
configure `rx.plugins.RadixThemesPlugin(theme=...)` in `rxconfig.py` instead. It
will be completely removed in 1.0. 
(.venv/lib/python3.12/site-packages/reflex_components_radix/plugin.py:100)
Compiling: ━━━━━━━━━━━━━━━━━━━━━━━━━━━━━━━━━━━━━━━━ 100% 14/13 0:00:00
Warning: `reflex_base.plugins.sitemap.SitemapPlugin` plugin is enabled by 
default, but not explicitly added to the config. If you want to use it, please 
add it to the `plugins` list in your config inside of `rxconfig.py`. To disable 
this plugin, add `SitemapPlugin` to the `disable_plugins` list.
DeprecationWarning: App(theme=...) has been deprecated in version 0.9.0. 
configure `rx.plugins.RadixThemesPlugin(theme=...)` in `rxconfig.py` instead. It
will be completely removed in 1.0. 
(.venv/lib/python3.12/site-packages/reflex_components_radix/plugin.py:100)
Compiling: ━━━━━━━━━━━━━━━━━━━━━━━━━━━━━━━━━━━━━━━━ 100% 14/13 0:00:00
Warning: `reflex_base.plugins.sitemap.SitemapPlugin` plugin is enabled by 
default, but not explicitly added to the config. If you want to use it, please 
add it to the `plugins` list in your config inside of `rxconfig.py`. To disable 
this plugin, add `SitemapPlugin` to the `disable_plugins` list.
DeprecationWarning: App(theme=...) has been deprecated in version 0.9.0. 
configure `rx.plugins.RadixThemesPlugin(theme=...)` in `rxconfig.py` instead. It
will be completely removed in 1.0. 
(.venv/lib/python3.12/site-packages/reflex_components_radix/plugin.py:100)
Compiling: ━━━━━━━━━━━━━━━━━━━━━━━━━━━━━━━━━━━━━━━━ 100% 14/13 0:00:00
Warning: `reflex_base.plugins.sitemap.SitemapPlugin` plugin is enabled by 
default, but not explicitly added to the config. If you want to use it, please 
add it to the `plugins` list in your config inside of `rxconfig.py`. To disable 
this plugin, add `SitemapPlugin` to the `disable_plugins` list.
DeprecationWarning: App(theme=...) has been deprecated in version 0.9.0. 
configure `rx.plugins.RadixThemesPlugin(theme=...)` in `rxconfig.py` instead. It
will be completely removed in 1.0. 
(.venv/lib/python3.12/site-packages/reflex_components_radix/plugin.py:100)
Compiling: ━━━━━━━━━━━━━━━━━━━━━━━━━━━━━━━━━━━━━━━━ 100% 14/13 0:00:00
Warning: `reflex_base.plugins.sitemap.SitemapPlugin` plugin is enabled by 
default, but not explicitly added to the config. If you want to use it, please 
add it to the `plugins` list in your config inside of `rxconfig.py`. To disable 
this plugin, add `SitemapPlugin` to the `disable_plugins` list.
DeprecationWarning: App(theme=...) has been deprecated in version 0.9.0. 
configure `rx.plugins.RadixThemesPlugin(theme=...)` in `rxconfig.py` instead. It
will be completely removed in 1.0. 
(.venv/lib/python3.12/site-packages/reflex_components_radix/plugin.py:100)
Compiling: ━━━━━━━━━━━━━━━━━━━━━━━━━━━━━━━━━━━━━━━━ 100% 14/13 0:00:00
Warning: `reflex_base.plugins.sitemap.SitemapPlugin` plugin is enabled by 
default, but not explicitly added to the config. If you want to use it, please 
add it to the `plugins` list in your config inside of `rxconfig.py`. To disable 
this plugin, add `SitemapPlugin` to the `disable_plugins` list.
DeprecationWarning: App(theme=...) has been deprecated in version 0.9.0. 
configure `rx.plugins.RadixThemesPlugin(theme=...)` in `rxconfig.py` instead. It
will be completely removed in 1.0. 
(.venv/lib/python3.12/site-packages/reflex_components_radix/plugin.py:100)
Compiling: ━━━━━━━━━━━━━━━━━━━━━━━━━━━━━━━━━━━━━━━━ 100% 14/13 0:00:00
Warning: `reflex_base.plugins.sitemap.SitemapPlugin` plugin is enabled by 
default, but not explicitly added to the config. If you want to use it, please 
add it to the `plugins` list in your config inside of `rxconfig.py`. To disable 
this plugin, add `SitemapPlugin` to the `disable_plugins` list.
DeprecationWarning: App(theme=...) has been deprecated in version 0.9.0. 
configure `rx.plugins.RadixThemesPlugin(theme=...)` in `rxconfig.py` instead. It
will be completely removed in 1.0. 
(.venv/lib/python3.12/site-packages/reflex_components_radix/plugin.py:100)
Compiling: ━━━━━━━━━━━━━━━━━━━━━━━━━━━━━━━━━━━━━━━━ 100% 14/13 0:00:00
Warning: `reflex_base.plugins.sitemap.SitemapPlugin` plugin is enabled by 
default, but not explicitly added to the config. If you want to use it, please 
add it to the `plugins` list in your config inside of `rxconfig.py`. To disable 
this plugin, add `SitemapPlugin` to the `disable_plugins` list.
DeprecationWarning: App(theme=...) has been deprecated in version 0.9.0. 
configure `rx.plugins.RadixThemesPlugin(theme=...)` in `rxconfig.py` instead. It
will be completely removed in 1.0. 
(.venv/lib/python3.12/site-packages/reflex_components_radix/plugin.py:100)
Compiling: ━━━━━━━━━━━━━━━━━━━━━━━━━━━━━━━━━━━━━━━━ 100% 14/13 0:00:00
Warning: `reflex_base.plugins.sitemap.SitemapPlugin` plugin is enabled by 
default, but not explicitly added to the config. If you want to use it, please 
add it to the `plugins` list in your config inside of `rxconfig.py`. To disable 
this plugin, add `SitemapPlugin` to the `disable_plugins` list.
DeprecationWarning: App(theme=...) has been deprecated in version 0.9.0. 
configure `rx.plugins.RadixThemesPlugin(theme=...)` in `rxconfig.py` instead. It
will be completely removed in 1.0. 
(.venv/lib/python3.12/site-packages/reflex_components_radix/plugin.py:100)
Compiling: ━━━━━━━━━━━━━━━━━━━━━━━━━━━━━━━━━━━━━━━━ 100% 14/13 0:00:00
Warning: `reflex_base.plugins.sitemap.SitemapPlugin` plugin is enabled by 
default, but not explicitly added to the config. If you want to use it, please 
add it to the `plugins` list in your config inside of `rxconfig.py`. To disable 
this plugin, add `SitemapPlugin` to the `disable_plugins` list.
DeprecationWarning: App(theme=...) has been deprecated in version 0.9.0. 
configure `rx.plugins.RadixThemesPlugin(theme=...)` in `rxconfig.py` instead. It
will be completely removed in 1.0. 
(.venv/lib/python3.12/site-packages/reflex_components_radix/plugin.py:100)
Compiling: ━━━━━━━━━━━━━━━━━━━━━━━━━━━━━━━━━━━━━━━━ 100% 14/13 0:00:00
[Reflex Frontend Exception]
 Error:  No module update found for route routes/[404]._index
Error:  No module update found for route routes/[404]._index
    at http://localhost:3000/@id/__x00__virtual:react-router/hmr-runtime:553:11

[Reflex Frontend Exception]
 Error:  No module update found for route routes/[404]._index
Error:  No module update found for route routes/[404]._index
    at http://localhost:3000/@id/__x00__virtual:react-router/hmr-runtime:553:11

[Reflex Frontend Exception]
 Error:  No module update found for route routes/[404]._index
Error:  No module update found for route routes/[404]._index
    at http://localhost:3000/@id/__x00__virtual:react-router/hmr-runtime:553:11

[Reflex Frontend Exception]
 Error:  No module update found for route routes/[404]._index
Error:  No module update found for route routes/[404]._index
    at http://localhost:3000/@id/__x00__virtual:react-router/hmr-runtime:553:11

Warning: `reflex_base.plugins.sitemap.SitemapPlugin` plugin is enabled by 
default, but not explicitly added to the config. If you want to use it, please 
add it to the `plugins` list in your config inside of `rxconfig.py`. To disable 
this plugin, add `SitemapPlugin` to the `disable_plugins` list.
DeprecationWarning: App(theme=...) has been deprecated in version 0.9.0. 
configure `rx.plugins.RadixThemesPlugin(theme=...)` in `rxconfig.py` instead. It
will be completely removed in 1.0. 
(.venv/lib/python3.12/site-packages/reflex_components_radix/plugin.py:100)
Compiling: ━━━━━━━━━━━━━━━━━━━━━━━━━━━━━━━━━━━━━━━━ 100% 14/13 0:00:00
[Reflex Frontend Exception]
 Error:  No module update found for route routes/[404]._index
Error:  No module update found for route routes/[404]._index
    at http://localhost:3000/@id/__x00__virtual:react-router/hmr-runtime:553:11

[Reflex Frontend Exception]
 Error:  No module update found for route routes/[404]._index
Error:  No module update found for route routes/[404]._index
    at http://localhost:3000/@id/__x00__virtual:react-router/hmr-runtime:553:11

Warning: `reflex_base.plugins.sitemap.SitemapPlugin` plugin is enabled by 
default, but not explicitly added to the config. If you want to use it, please 
add it to the `plugins` list in your config inside of `rxconfig.py`. To disable 
this plugin, add `SitemapPlugin` to the `disable_plugins` list.
DeprecationWarning: App(theme=...) has been deprecated in version 0.9.0. 
configure `rx.plugins.RadixThemesPlugin(theme=...)` in `rxconfig.py` instead. It
will be completely removed in 1.0. 
(.venv/lib/python3.12/site-packages/reflex_components_radix/plugin.py:100)
Compiling: ━━━━━━━━━━━━━━━━━━━━━━━━━━━━━━━━━━━━━━━━ 100% 14/13 0:00:00
Warning: `reflex_base.plugins.sitemap.SitemapPlugin` plugin is enabled by 
default, but not explicitly added to the config. If you want to use it, please 
add it to the `plugins` list in your config inside of `rxconfig.py`. To disable 
this plugin, add `SitemapPlugin` to the `disable_plugins` list.
DeprecationWarning: App(theme=...) has been deprecated in version 0.9.0. 
configure `rx.plugins.RadixThemesPlugin(theme=...)` in `rxconfig.py` instead. It
will be completely removed in 1.0. 
(.venv/lib/python3.12/site-packages/reflex_components_radix/plugin.py:100)
Compiling: ━━━━━━━━━━━━━━━━━━━━━━━━━━━━━━━━━━━━━━━━ 100% 14/13 0:00:00
[WARNING] Killing worker-1 after it refused to gracefully stop
Warning: `reflex_base.plugins.sitemap.SitemapPlugin` plugin is enabled by 
default, but not explicitly added to the config. If you want to use it, please 
add it to the `plugins` list in your config inside of `rxconfig.py`. To disable 
this plugin, add `SitemapPlugin` to the `disable_plugins` list.
DeprecationWarning: App(theme=...) has been deprecated in version 0.9.0. 
configure `rx.plugins.RadixThemesPlugin(theme=...)` in `rxconfig.py` instead. It
will be completely removed in 1.0. 
(.venv/lib/python3.12/site-packages/reflex_components_radix/plugin.py:100)
Compiling: ━━━━━━━━━━━━━━━━━━━━━━━━━━━━━━━━━━━━━━━━ 100% 14/13 0:00:00
Warning: `reflex_base.plugins.sitemap.SitemapPlugin` plugin is enabled by 
default, but not explicitly added to the config. If you want to use it, please 
add it to the `plugins` list in your config inside of `rxconfig.py`. To disable 
this plugin, add `SitemapPlugin` to the `disable_plugins` list.
DeprecationWarning: App(theme=...) has been deprecated in version 0.9.0. 
configure `rx.plugins.RadixThemesPlugin(theme=...)` in `rxconfig.py` instead. It
will be completely removed in 1.0. 
(.venv/lib/python3.12/site-packages/reflex_components_radix/plugin.py:100)
Compiling: ━━━━━━━━━━━━━━━━━━━━━━━━━━━━━━━━━━━━━━━━ 100% 14/13 0:00:00
Warning: `reflex_base.plugins.sitemap.SitemapPlugin` plugin is enabled by 
default, but not explicitly added to the config. If you want to use it, please 
add it to the `plugins` list in your config inside of `rxconfig.py`. To disable 
this plugin, add `SitemapPlugin` to the `disable_plugins` list.
DeprecationWarning: App(theme=...) has been deprecated in version 0.9.0. 
configure `rx.plugins.RadixThemesPlugin(theme=...)` in `rxconfig.py` instead. It
will be completely removed in 1.0. 
(.venv/lib/python3.12/site-packages/reflex_components_radix/plugin.py:100)
Compiling: ━━━━━━━━━━━━━━━━━━━━━━━━━━━━━━━━━━━━━━━━ 100% 14/13 0:00:00
Warning: `reflex_base.plugins.sitemap.SitemapPlugin` plugin is enabled by 
default, but not explicitly added to the config. If you want to use it, please 
add it to the `plugins` list in your config inside of `rxconfig.py`. To disable 
this plugin, add `SitemapPlugin` to the `disable_plugins` list.
DeprecationWarning: App(theme=...) has been deprecated in version 0.9.0. 
configure `rx.plugins.RadixThemesPlugin(theme=...)` in `rxconfig.py` instead. It
will be completely removed in 1.0. 
(.venv/lib/python3.12/site-packages/reflex_components_radix/plugin.py:100)
Compiling: ━━━━━━━━━━━━━━━━━━━━━━━━━━━━━━━━━━━━━━━━ 100% 14/13 0:00:00
Warning: `reflex_base.plugins.sitemap.SitemapPlugin` plugin is enabled by 
default, but not explicitly added to the config. If you want to use it, please 
add it to the `plugins` list in your config inside of `rxconfig.py`. To disable 
this plugin, add `SitemapPlugin` to the `disable_plugins` list.
DeprecationWarning: App(theme=...) has been deprecated in version 0.9.0. 
configure `rx.plugins.RadixThemesPlugin(theme=...)` in `rxconfig.py` instead. It
will be completely removed in 1.0. 
(.venv/lib/python3.12/site-packages/reflex_components_radix/plugin.py:100)
Compiling: ━━━━━━━━━━━━━━━━━━━━━━━━━━━━━━━━━━━━━━━━ 100% 14/13 0:00:00
Warning: `reflex_base.plugins.sitemap.SitemapPlugin` plugin is enabled by 
default, but not explicitly added to the config. If you want to use it, please 
add it to the `plugins` list in your config inside of `rxconfig.py`. To disable 
this plugin, add `SitemapPlugin` to the `disable_plugins` list.
DeprecationWarning: App(theme=...) has been deprecated in version 0.9.0. 
configure `rx.plugins.RadixThemesPlugin(theme=...)` in `rxconfig.py` instead. It
will be completely removed in 1.0. 
(.venv/lib/python3.12/site-packages/reflex_components_radix/plugin.py:100)
Compiling: ━━━━━━━━━━━━━━━━━━━━━━━━━━━━━━━━━━━━━━━━ 100% 14/13 0:00:00
Warning: `reflex_base.plugins.sitemap.SitemapPlugin` plugin is enabled by 
default, but not explicitly added to the config. If you want to use it, please 
add it to the `plugins` list in your config inside of `rxconfig.py`. To disable 
this plugin, add `SitemapPlugin` to the `disable_plugins` list.
DeprecationWarning: App(theme=...) has been deprecated in version 0.9.0. 
configure `rx.plugins.RadixThemesPlugin(theme=...)` in `rxconfig.py` instead. It
will be completely removed in 1.0. 
(.venv/lib/python3.12/site-packages/reflex_components_radix/plugin.py:100)
Compiling: ━━━━━━━━━━━━━━━━━━━━━━━━━━━━━━━━━━━━━━━━ 100% 14/13 0:00:00
Warning: `reflex_base.plugins.sitemap.SitemapPlugin` plugin is enabled by 
default, but not explicitly added to the config. If you want to use it, please 
add it to the `plugins` list in your config inside of `rxconfig.py`. To disable 
this plugin, add `SitemapPlugin` to the `disable_plugins` list.
DeprecationWarning: App(theme=...) has been deprecated in version 0.9.0. 
configure `rx.plugins.RadixThemesPlugin(theme=...)` in `rxconfig.py` instead. It
will be completely removed in 1.0. 
(.venv/lib/python3.12/site-packages/reflex_components_radix/plugin.py:100)
Compiling: ━━━━━━━━━━━━━━━━━━━━━━━━━━━━━━━━━━━━━━━━ 100% 14/13 0:00:00
Warning: `reflex_base.plugins.sitemap.SitemapPlugin` plugin is enabled by 
default, but not explicitly added to the config. If you want to use it, please 
add it to the `plugins` list in your config inside of `rxconfig.py`. To disable 
this plugin, add `SitemapPlugin` to the `disable_plugins` list.
DeprecationWarning: App(theme=...) has been deprecated in version 0.9.0. 
configure `rx.plugins.RadixThemesPlugin(theme=...)` in `rxconfig.py` instead. It
will be completely removed in 1.0. 
(.venv/lib/python3.12/site-packages/reflex_components_radix/plugin.py:100)
Compiling: ━━━━━━━━━━━━━━━━━━━━━━━━━━━━━━━━━━━━━━━━ 100% 14/13 0:00:00
Warning: `reflex_base.plugins.sitemap.SitemapPlugin` plugin is enabled by 
default, but not explicitly added to the config. If you want to use it, please 
add it to the `plugins` list in your config inside of `rxconfig.py`. To disable 
this plugin, add `SitemapPlugin` to the `disable_plugins` list.
DeprecationWarning: App(theme=...) has been deprecated in version 0.9.0. 
configure `rx.plugins.RadixThemesPlugin(theme=...)` in `rxconfig.py` instead. It
will be completely removed in 1.0. 
(.venv/lib/python3.12/site-packages/reflex_components_radix/plugin.py:100)
Compiling: ━━━━━━━━━━━━━━━━━━━━━━━━━━━━━━━━━━━━━━━━ 100% 14/13 0:00:00
Warning: `reflex_base.plugins.sitemap.SitemapPlugin` plugin is enabled by 
default, but not explicitly added to the config. If you want to use it, please 
add it to the `plugins` list in your config inside of `rxconfig.py`. To disable 
this plugin, add `SitemapPlugin` to the `disable_plugins` list.
DeprecationWarning: App(theme=...) has been deprecated in version 0.9.0. 
configure `rx.plugins.RadixThemesPlugin(theme=...)` in `rxconfig.py` instead. It
will be completely removed in 1.0. 
(.venv/lib/python3.12/site-packages/reflex_components_radix/plugin.py:100)
Compiling: ━━━━━━━━━━━━━━━━━━━━━━━━━━━━━━━━━━━━━━━━ 100% 14/13 0:00:00
Warning: `reflex_base.plugins.sitemap.SitemapPlugin` plugin is enabled by 
default, but not explicitly added to the config. If you want to use it, please 
add it to the `plugins` list in your config inside of `rxconfig.py`. To disable 
this plugin, add `SitemapPlugin` to the `disable_plugins` list.
DeprecationWarning: App(theme=...) has been deprecated in version 0.9.0. 
configure `rx.plugins.RadixThemesPlugin(theme=...)` in `rxconfig.py` instead. It
will be completely removed in 1.0. 
(.venv/lib/python3.12/site-packages/reflex_components_radix/plugin.py:100)
Compiling: ━━━━━━━━━━━━━━━━━━━━━━━━━━━━━━━━━━━━━━━━ 100% 14/13 0:00:00
Warning: `reflex_base.plugins.sitemap.SitemapPlugin` plugin is enabled by 
default, but not explicitly added to the config. If you want to use it, please 
add it to the `plugins` list in your config inside of `rxconfig.py`. To disable 
this plugin, add `SitemapPlugin` to the `disable_plugins` list.
DeprecationWarning: App(theme=...) has been deprecated in version 0.9.0. 
configure `rx.plugins.RadixThemesPlugin(theme=...)` in `rxconfig.py` instead. It
will be completely removed in 1.0. 
(.venv/lib/python3.12/site-packages/reflex_components_radix/plugin.py:100)
Compiling: ━━━━━━━━━━━━━━━━━━━━━━━━━━━━━━━━━━━━━━━━ 100% 14/13 0:00:00
Warning: `reflex_base.plugins.sitemap.SitemapPlugin` plugin is enabled by 
default, but not explicitly added to the config. If you want to use it, please 
add it to the `plugins` list in your config inside of `rxconfig.py`. To disable 
this plugin, add `SitemapPlugin` to the `disable_plugins` list.
DeprecationWarning: App(theme=...) has been deprecated in version 0.9.0. 
configure `rx.plugins.RadixThemesPlugin(theme=...)` in `rxconfig.py` instead. It
will be completely removed in 1.0. 
(.venv/lib/python3.12/site-packages/reflex_components_radix/plugin.py:100)
Compiling: ━━━━━━━━━━━━━━━━━━━━━━━━━━━━━━━━━━━━━━━━ 100% 14/13 0:00:00
Warning: `reflex_base.plugins.sitemap.SitemapPlugin` plugin is enabled by 
default, but not explicitly added to the config. If you want to use it, please 
add it to the `plugins` list in your config inside of `rxconfig.py`. To disable 
this plugin, add `SitemapPlugin` to the `disable_plugins` list.
DeprecationWarning: App(theme=...) has been deprecated in version 0.9.0. 
configure `rx.plugins.RadixThemesPlugin(theme=...)` in `rxconfig.py` instead. It
will be completely removed in 1.0. 
(.venv/lib/python3.12/site-packages/reflex_components_radix/plugin.py:100)
Compiling: ━━━━━━━━━━━━━━━━━━━━━━━━━━━━━━━━━━━━━━━━ 100% 14/13 0:00:00
[Reflex Frontend Exception]
 Error:  No module update found for route routes/[404]._index
Error:  No module update found for route routes/[404]._index
    at http://localhost:3000/@id/__x00__virtual:react-router/hmr-runtime:553:11

[Reflex Frontend Exception]
 Error:  No module update found for route routes/[404]._index
Error:  No module update found for route routes/[404]._index
    at http://localhost:3000/@id/__x00__virtual:react-router/hmr-runtime:553:11

[Reflex Frontend Exception]
 Error:  No module update found for route routes/[404]._index
Error:  No module update found for route routes/[404]._index
    at http://localhost:3000/@id/__x00__virtual:react-router/hmr-runtime:553:11

[Reflex Frontend Exception]
 Error:  No module update found for route routes/[404]._index
Error:  No module update found for route routes/[404]._index
    at http://localhost:3000/@id/__x00__virtual:react-router/hmr-runtime:553:11

[Reflex Frontend Exception]
 Error:  No module update found for route routes/[404]._index
Error:  No module update found for route routes/[404]._index
    at http://localhost:3000/@id/__x00__virtual:react-router/hmr-runtime:553:11

[Reflex Frontend Exception]
 Error:  No module update found for route routes/[404]._index
Error:  No module update found for route routes/[404]._index
    at http://localhost:3000/@id/__x00__virtual:react-router/hmr-runtime:553:11

[Reflex Frontend Exception]
 Error:  No module update found for route routes/[404]._index
Error:  No module update found for route routes/[404]._index
    at http://localhost:3000/@id/__x00__virtual:react-router/hmr-runtime:553:11

[Reflex Frontend Exception]
 Error:  No module update found for route routes/[404]._index
Error:  No module update found for route routes/[404]._index
    at http://localhost:3000/@id/__x00__virtual:react-router/hmr-runtime:553:11

Warning: `reflex_base.plugins.sitemap.SitemapPlugin` plugin is enabled by 
default, but not explicitly added to the config. If you want to use it, please 
add it to the `plugins` list in your config inside of `rxconfig.py`. To disable 
this plugin, add `SitemapPlugin` to the `disable_plugins` list.
DeprecationWarning: App(theme=...) has been deprecated in version 0.9.0. 
configure `rx.plugins.RadixThemesPlugin(theme=...)` in `rxconfig.py` instead. It
will be completely removed in 1.0. 
(.venv/lib/python3.12/site-packages/reflex_components_radix/plugin.py:100)
Compiling: ━━━━━━━━━━━━━━━━━━━━━━━━━━━━━━━━━━━━━━━━ 100% 14/13 0:00:00
[Reflex Frontend Exception]
 Error:  No module update found for route routes/[404]._index
Error:  No module update found for route routes/[404]._index
    at http://localhost:3000/@id/__x00__virtual:react-router/hmr-runtime:553:11

[Reflex Frontend Exception]
 Error:  No module update found for route routes/[404]._index
Error:  No module update found for route routes/[404]._index
    at http://localhost:3000/@id/__x00__virtual:react-router/hmr-runtime:553:11

Warning: `reflex_base.plugins.sitemap.SitemapPlugin` plugin is enabled by 
default, but not explicitly added to the config. If you want to use it, please 
add it to the `plugins` list in your config inside of `rxconfig.py`. To disable 
this plugin, add `SitemapPlugin` to the `disable_plugins` list.
DeprecationWarning: App(theme=...) has been deprecated in version 0.9.0. 
configure `rx.plugins.RadixThemesPlugin(theme=...)` in `rxconfig.py` instead. It
will be completely removed in 1.0. 
(.venv/lib/python3.12/site-packages/reflex_components_radix/plugin.py:100)
Compiling: ━━━━━━━━━━━━━━━━━━━━━━━━━━━━━━━━━━━━━━━━ 100% 14/13 0:00:00
